// Jest Snapshot v1, https://goo.gl/fbAQLP

exports[`Box renders correctly 1`] = `
.emotion-1 {
  display: -webkit-box;
  display: -webkit-flex;
  display: -ms-flexbox;
  display: flex;
}

@media (min-width:0px) {
  .emotion-1 {
    -webkit-flex-direction: row;
    -ms-flex-direction: row;
    flex-direction: row;
  }
}

@media (min-width:576px) {
  .emotion-1 {
    -webkit-flex-direction: row-reverse;
    -ms-flex-direction: row-reverse;
    flex-direction: row-reverse;
  }
}

@media (min-width:768px) {
  .emotion-1 {
    -webkit-flex-direction: column;
    -ms-flex-direction: column;
    flex-direction: column;
  }
}

@media (min-width:992px) {
  .emotion-1 {
    -webkit-flex-direction: column-reverse;
    -ms-flex-direction: column-reverse;
    flex-direction: column-reverse;
  }
}

@media (min-width:1200px) {
  .emotion-1 {
    -webkit-flex-direction: row;
    -ms-flex-direction: row;
    flex-direction: row;
  }
}

.emotion-0 {
  margin: 8px 0px;
  padding: 24px 16px;
}

@media (min-width:0px) {
  .emotion-0 {
    -webkit-flex: 0 1 12.5%;
    -ms-flex: 0 1 12.5%;
    flex: 0 1 12.5%;
    display: -webkit-box;
    display: -webkit-flex;
    display: -ms-flexbox;
    display: flex;
  }
}

@media (min-width:576px) {
  .emotion-0 {
    -webkit-flex: 0 1 25%;
    -ms-flex: 0 1 25%;
    flex: 0 1 25%;
    display: -webkit-box;
    display: -webkit-flex;
    display: -ms-flexbox;
    display: flex;
  }
}

@media (min-width:768px) {
  .emotion-0 {
    -webkit-flex: 0 1 50%;
    -ms-flex: 0 1 50%;
    flex: 0 1 50%;
    display: -webkit-box;
    display: -webkit-flex;
    display: -ms-flexbox;
    display: flex;
  }
}

@media (min-width:992px) {
  .emotion-0 {
    -webkit-flex: 0 0 100px;
    -ms-flex: 0 0 100px;
    flex: 0 0 100px;
    display: -webkit-box;
    display: -webkit-flex;
    display: -ms-flexbox;
    display: flex;
  }
}

@media (min-width:1200px) {
  .emotion-0 {
    -webkit-flex: 0 0 100px;
    -ms-flex: 0 0 100px;
    flex: 0 0 100px;
    display: -webkit-box;
    display: -webkit-flex;
    display: -ms-flexbox;
    display: flex;
  }
}

<section
  className="anotherClass1 anotherClass2 emotion-1"
>
  <div
    className=" emotion-0"
  >
    This is a children.
  </div>
</section>
`;

exports[`Box renders correctly with custom media queries 1`] = `
.emotion-0 {
  margin: 8px 0px;
  padding: 24px 16px;
}

@media (min-width:0px) {
  .emotion-0 {
    -webkit-flex: 0 1 12.5%;
    -ms-flex: 0 1 12.5%;
    flex: 0 1 12.5%;
    display: -webkit-box;
    display: -webkit-flex;
    display: -ms-flexbox;
    display: flex;
  }
}

@media (min-width:576px) {
  .emotion-0 {
    -webkit-flex: 0 1 25%;
    -ms-flex: 0 1 25%;
    flex: 0 1 25%;
    display: -webkit-box;
    display: -webkit-flex;
    display: -ms-flexbox;
    display: flex;
  }
}

@media (min-width:768px) {
  .emotion-0 {
    -webkit-flex: 0 1 50%;
    -ms-flex: 0 1 50%;
    flex: 0 1 50%;
    display: -webkit-box;
    display: -webkit-flex;
    display: -ms-flexbox;
    display: flex;
  }
}

@media (min-width:992px) {
  .emotion-0 {
    -webkit-flex: 0 0 100px;
    -ms-flex: 0 0 100px;
    flex: 0 0 100px;
    display: -webkit-box;
    display: -webkit-flex;
    display: -ms-flexbox;
    display: flex;
  }
}

@media (min-width:1200px) {
  .emotion-0 {
    -webkit-flex: 0 0 100px;
    -ms-flex: 0 0 100px;
    flex: 0 0 100px;
    display: -webkit-box;
    display: -webkit-flex;
    display: -ms-flexbox;
    display: flex;
  }
}

.emotion-1 {
  display: -webkit-box;
  display: -webkit-flex;
  display: -ms-flexbox;
  display: flex;
}

@media (min-width:0px) {
  .emotion-1 {
    -webkit-flex-direction: row;
    -ms-flex-direction: row;
    flex-direction: row;
  }
}

@media (min-width:10px) {
  .emotion-1 {
    -webkit-flex-direction: row-reverse;
    -ms-flex-direction: row-reverse;
    flex-direction: row-reverse;
  }
}

@media (min-width:20px) {
  .emotion-1 {
    -webkit-flex-direction: column;
    -ms-flex-direction: column;
    flex-direction: column;
  }
}

@media (min-width:30px) {
  .emotion-1 {
    -webkit-flex-direction: column-reverse;
    -ms-flex-direction: column-reverse;
    flex-direction: column-reverse;
  }
}

@media (min-width:40px) {
  .emotion-1 {
    -webkit-flex-direction: row;
    -ms-flex-direction: row;
    flex-direction: row;
  }
}

<section
  className="anotherClass1 anotherClass2 emotion-1"
>
  <div
    className=" emotion-0"
  >
    This is a children.
  </div>
</section>
`;
